uname: illegal option -- x
usage: uname [-amnrsvV]
