==> f500.10l <==
This is line number  498
This is line number  499
This is line number  500

==> f500.1b <==
This is line number  498
This is line number  499
This is line number  500

==> f500.90c <==
This is line number  498
This is line number  499
This is line number  500

==> f500.p12040c <==
This is line number  498
This is line number  499
This is line number  500

==> f500.p400l <==
This is line number  498
This is line number  499
This is line number  500

==> file500.txt <==
This is line number  498
This is line number  499
This is line number  500
