Arabia.r:	product ??.?.?a??
A0-AF:c*ss(R)(C)(TM)'<>AE0
Country: Arabia
B0-BF:+-<=>=YuaoOae0

Britain.r:	product ??.?.?b??
C0-CF:?!f<<>>... AAOOEoe
Country: Britain
D0-DF:---""''yY/o<>fifl

Cyprus.r:	product ??.?.?f??
E0-EF:.,,,AEAEEIIIIOO
Country: Cyprus
F0-FF:OUUUi

Denmark.r:	product ??.?.?d??
Program description
Country: Denmark
Program comment

Latvia.r:	product ??.?.????
Program description
Country: Latvia
Program comment

France.r:	product ??.?.?b??
Program description
Country: France
Program comment
