US.r: product 2.0
Russia.r: product 99.9.9a99
Yugo.r: getvers 0.0f0
Ireland.r: getvers 3.2.1
Thai.r: getvers 1.2.3d4
Portugal.r: Super Graphics Destroyer 2.0
