Super Graphics Destroyer 2.0
(C) 1991 Pretty as a Picture, Inc.
Country: Portugal

product 2.0
00-0F:	

Country: United States
