badname: File not found

/tmp/newfile: No resource fork

norver.r: No version resource

Portugal.r: Super Graphics Destroyer 2.0
(C) 1991 Pretty as a Picture, Inc.
Country: Portugal

US.r: product 2.0
00-0F:
Country: United States
