badname: File not found
/tmp/newfile: No resource fork
norver.r: No version resource
Portugal.r: Super Graphics Destroyer 2.0
US.r: product 2.0
