India.r: product 1.0
Program description
Country: India

Pakistan.r: product 1.0
Program description
Country: Pakistan

Lithuania.r: product 1.0
Program description
Country: Lithuania

Poland.r: product 1.0
Program description
Country: Poland

Hungary.r: product 1.0
Program description
Country: Hungary

Estonia.r: product 1.0
Program description
Country: Estonia

Lapland.r: product 1.0
Program description
Country: Lapland

Iran.r: product 1.0
Program description
Country: Iran

Korea.r: product 1.0
Program description
Country: Korea

China.r: product 1.0
Program description
Country: China

Taiwan.r: product 1.0
Program description
Country: Taiwan

FaeroeIsl.r: product 1.0
Program description
Country: Faeroe Islands

Turkey.r: product 1.0
Program description
Country: Turkey

FrCanada.r: product 1.0
Program description
Country: French Canadian
