Germany.r: product 1.0
Program description
Country: Germany

Italy.r: product 1.0
Program description
Country: Italy

Netherlands.r: product 1.0
Program description
Country: Netherlands

BelgiumLux.r: product 1.0
Program description
Country: Belgium/Luxembourg

Sweden.r: product 1.0
Program description
Country: Sweden

Spain.r: product 1.0
Program description
Country: Spain

Australia.r: product 1.0
Program description
Country: Australia

Finland.r: product 1.0
Program description
Country: Finland

FrSwiss.r: product 1.0
Program description
Country: French Swiss

GrSwiss.r: product 1.0
Program description
Country: German Swiss

Greece.r: product 1.0
Program description
Country: Greece

Iceland.r: product 1.0
Program description
Country: Iceland

Malta.r: product 1.0
Program description
Country: Malta
