Bad26.r: product 1.0
Program description
Country: unknown to this version of getvers
Program comment

Bad55.r: product 1.0
Program description
Country: unknown to this version of getvers
Program comment

Bad80.r: product 1.0
Program description
Country: unknown to this version of getvers
Program comment
