Usage:
	catrez [-va] -d dest_file file1 [file2 ...]
  Copyright 1996-1997 by David M. Tribby
  Version 1.0.2 (Sep 28 1997)
