==> f500.10l <==
This is line number    1
This is line number    2
This is line number    3

==> f500.90c <==
This is line number    1
This is line number    2
This is line number    3

==> file500.txt <==
This is line number    1
This is line number    2
This is line number    3
