Values in array
   nine 9
   two 2
   one 1
   three 3
   six 6
   four 4
   seven 7
   five 5
   eight 8
 
Values in array
   two 2
   one 1
   three 3
   six 6
   four 4
   seven 7
   five 5
   eight 8
 
Values in array
   two II
   one I
   three III
   six VI
   four IV
   five V
 
