countries: USSR	8649	275	Asia
countries: Canada	3852	25	North America
countries: China	3705	1032	Asia
countries: USA	3615	237	North America
countries: Brazil	3286	134	South America
