This is a testfile for the awk test ch2p62.awk

USSR 275
China 1032
USA 237
Brazil 134
India 746
Japan 120
Canada 25
Mexico 78
France 55
Germany 61
England 56
