1:USSR	8649	275	Asia
2:Canada	3852	25	North America
3:China	3705	1032	Asia
4:USA	3615	237	North America
5:Brazil	3286	134	South America
6:India	1267	746	Asia
7:Mexico	762	78	North America
8:France	211	55	Europe
9:Japan	144	120	Asia
10:Germany	96	61	Europe
11:England	94	56	Europe
