South America 134
North America 340
Asia 2173
Europe 172
