
                                              1021
                                             Mar. 7, 1998
Pay to Champagne Unlimited--------------------------   $123.10
the sum of one hundred twenty three dollars and 10 cents exactly




                                              1022
                                             Mar. 7, 1998
Pay to Getwell Drug Store---------------------------   $45.10
the sum of forty five dollars and 10 cents exactly




                                              1023
                                             Mar. 7, 1998
Pay to International Travel-------------------------   $125.00
the sum of one hundred twenty five dollars and 00 cents exactly




                                              1024
                                             Mar. 7, 1998
Pay to Carnegie Hall--------------------------------   $50.00
the sum of fifty dollars and 00 cents exactly




                                              1025
                                             Mar. 7, 1998
Pay to American Express-----------------------------   $75.75
the sum of seventy five dollars and 75 cents exactly



