CONTINENT       COUNTRY    POPULATION    AREA    POP. DEN.

Asia              0.00120000       0        120      144.0
                  0.00169839       0        746     1267.0
                  0.00359012       0       1032     3705.0
                  0.03145091       0        275     8649.0

Europe            0.00157377       0         61       96.0
                  0.00167857       0         56       94.0
                  0.00383636       0         55      211.0

North America     0.00976923       0         78      762.0
                  0.01525316       0        237     3615.0
                  0.15408000       0         25     3852.0

South America     0.02452239       0        134     3286.0
