Subject: Demographic Information About England
From: AWK Demographics, Inc.

In response to your request for information about England,
our latest research has revealed that its population is 94
million people and its area is 56 million square miles.
This gives England a population density of 1.67857 people per
square mile.
