  0 -  9:  22 **********************
 10 - 19:  22 **********************
 20 - 29:  20 ********************
 30 - 39:  19 *******************
 40 - 49:  15 ***************
 50 - 59:  22 **********************
 60 - 69:  20 ********************
 70 - 79:  15 ***************
 80 - 89:  24 ************************
 90 - 99:  19 *******************
100:        2 **
