USSR:
	275 million people
	8.649 million sq. mi.
	31.8 people per sq. mi.
USA:
	237 million people
	3.615 million sq. mi.
	65.6 people per sq. mi.
