Germany:
	61 million people
	0.096 million sq. mi.
	635.4 people per sq. mi.
