    605.00   0.8
    502.00   0.7
   1868.00   2.6
    456.00   0.6
   1279.00   1.8
   1265.00   1.8
   1541.00   2.1
   4593.00   6.4
   1429.00   2.0
   4284.00   6.0
  14795.00  20.6
    145.00   0.2
  14954.00  20.8
   3371.00   4.7
   1334.00   1.9
  15805.00  22.0
    157.00   0.2
   1925.00   2.7
    225.00   0.3
    181.00   0.3
    178.00   0.2
    169.00   0.2
    790.00   1.1
