TestVal = ''; TESTVAL = ''; testval = 'loweronly'
badname = ''; BADNAME = ''
