the boy runs quickly 
the boy walks very very very quickly 
the boy 
walks 
quickly 
unknown nonterminal: BadElement
the girl runs slowly 
