71851	88866	151565	77474	105122	96169	172828	129732	--
