  605
  156
  133
  608
  502
 1926
  933
 1706
 1868
  737
 1308
 4637
  456
 6380
 1800
 2206
 1279
  678
 1517
  207
 1265
 3288
  847
  224
 1541
 2635
 1295
 1658
 4593
  545
 4247
 1354
 1429
  711
 6757
  702
 4284
 2082
 2066
  216
14795
 3200
 6383
  739
  145
 1985
  336
 3900
14954
  131
  784
  579
 3371
  163
 6248
14806
 1334
 3984
12075
 2648
15805
33468
 9353
 2936
  157
 2155
 8735
  167
 1925
65901
36833
35547
  225
14016
  181
 4761
  181
  186
  272
 1129
  178
  368
 1564
78880
  169
 6619
  181
 9510
  790
  251
 1274
 3708
 2376
  654
 3399
 1907
